// Jest Snapshot v1, https://goo.gl/fbAQLP

exports[`ElementsPage tests Should match snapshot 1`] = `
<DocumentFragment>
  <div
    class="content"
    data-tabs="true"
    id="elements"
  >
    <div
      class="box page-controls"
    >
      <div
        class="page-controls-content flex-end"
      >
        <div
          class="page-controls-item"
        >
          <div
            class="mr-15"
          >
            <div
              class="form-group"
            >
              <label
                class="form-label search-label"
                for="exampleFormControlInput1"
              >
                What are you looking for?
              </label>
              <div
                class="search-group"
              >
                <div
                  class="search-icon"
                >
                  <span
                    class="icon-loupe"
                  />
                </div>
                <input
                  class="form-control search-input"
                  id="exampleFormControlInput1"
                  placeholder="Search"
                  type="email"
                  value=""
                />
                <button
                  class="search-btn"
                  type="button"
                >
                  <span
                    class="icon-cross"
                  />
                </button>
              </div>
            </div>
          </div>
          <div
            class="mr-15"
          >
            <button
              class="btn-xs-primary"
              type="button"
            >
              <span
                class="icon-filter-blue"
              />
            </button>
          </div>
        </div>
        <div
          class="page-controls-item"
        >
          <button
            class="btn btn-lg-primary"
            type="button"
          >
            <span
              class="btn-icon icon-columns"
            />
            <span
              class="btn-text"
            >
              Customize Columns
            </span>
          </button>
        </div>
      </div>
      <div
        class="page-filter"
      >
        <div
          class="page-filter-inner"
        />
        <div
          class="page-filter-btn"
        >
          <button
            class="btn btn-xs-secondary mr-15"
            type="button"
          >
            <span
              class="btn-icon icon-close"
            />
            <span
              class="btn-text"
            />
          </button>
          <button
            class="btn btn-lg-outline"
            type="button"
          >
            <span
              class="btn-icon "
            />
            <span
              class="btn-text"
            >
              Apply
            </span>
          </button>
        </div>
      </div>
      <ul
        class="page-tabs"
        role="tablist"
      >
        <li
          aria-controls="react-tabs-9"
          aria-disabled="false"
          aria-selected="true"
          class="page-tabs-item page-tabs-item active"
          id="react-tabs-8"
          role="tab"
          tabindex="0"
        >
          Domains
        </li>
        <li
          aria-controls="react-tabs-11"
          aria-disabled="false"
          aria-selected="false"
          class="page-tabs-item"
          id="react-tabs-10"
          role="tab"
        >
          ECUs
        </li>
        <li
          aria-controls="react-tabs-13"
          aria-disabled="false"
          aria-selected="false"
          class="page-tabs-item"
          id="react-tabs-12"
          role="tab"
        >
          Functions
        </li>
        <li
          aria-controls="react-tabs-15"
          aria-disabled="false"
          aria-selected="false"
          class="page-tabs-item"
          id="react-tabs-14"
          role="tab"
        >
          Data
        </li>
      </ul>
    </div>
    <div
      aria-labelledby="react-tabs-8"
      class="react-tabs__tab-panel box-table elements-content"
      id="react-tabs-9"
      role="tabpanel"
    >
      <table
        class="table"
        role="table"
      >
        <thead
          class="table-header"
        >
          <tr
            class="table-row"
            role="row"
          >
            <th
              class="table-col"
              colspan="1"
              role="columnheader"
            >
              <div
                class="table-header-inner"
              >
                <span
                  class="table-header-title"
                >
                  Model
                </span>
                <div
                  class="table-filter"
                >
                  <button
                    class="table-filter-btn"
                    type="button"
                  >
                    <span
                      class="icon-arrow-full-up"
                    />
                  </button>
                  <button
                    class="table-filter-btn"
                    type="button"
                  >
                    <span
                      class="icon-arrow-full-down"
                    />
                  </button>
                </div>
              </div>
            </th>
            <th
              class="table-col"
              colspan="1"
              role="columnheader"
            >
              <div
                class="table-header-inner"
              >
                <span
                  class="table-header-title"
                >
                  Platform
                </span>
                <div
                  class="table-filter"
                >
                  <button
                    class="table-filter-btn"
                    type="button"
                  >
                    <span
                      class="icon-arrow-full-up"
                    />
                  </button>
                  <button
                    class="table-filter-btn"
                    type="button"
                  >
                    <span
                      class="icon-arrow-full-down"
                    />
                  </button>
                </div>
              </div>
            </th>
            <th
              class="table-col"
              colspan="1"
              role="columnheader"
            >
              <div
                class="table-header-inner"
              >
                <span
                  class="table-header-title"
                >
                  Name
                </span>
                <div
                  class="table-filter"
                >
                  <button
                    class="table-filter-btn"
                    type="button"
                  >
                    <span
                      class="icon-arrow-full-up"
                    />
                  </button>
                  <button
                    class="table-filter-btn"
                    type="button"
                  >
                    <span
                      class="icon-arrow-full-down"
                    />
                  </button>
                </div>
              </div>
            </th>
            <th
              class="table-col"
              colspan="1"
              role="columnheader"
            >
              <div
                class="table-header-inner"
              >
                <span
                  class="table-header-title"
                >
                  Domain Usage
                </span>
                <div
                  class="table-filter"
                />
              </div>
            </th>
            <th
              class="table-col"
              colspan="1"
              role="columnheader"
            >
              <div
                class="table-header-inner"
              >
                <span
                  class="table-header-title"
                >
                  Communication
                </span>
                <div
                  class="table-filter"
                >
                  <button
                    class="table-filter-btn"
                    type="button"
                  >
                    <span
                      class="icon-arrow-full-up"
                    />
                  </button>
                  <button
                    class="table-filter-btn"
                    type="button"
                  >
                    <span
                      class="icon-arrow-full-down"
                    />
                  </button>
                </div>
              </div>
            </th>
            <th
              class="table-col"
              colspan="1"
              role="columnheader"
            >
              <div
                class="table-header-inner"
              >
                <span
                  class="table-header-title"
                >
                  Online Connectivity
                </span>
                <div
                  class="table-filter"
                >
                  <button
                    class="table-filter-btn"
                    type="button"
                  >
                    <span
                      class="icon-arrow-full-up"
                    />
                  </button>
                  <button
                    class="table-filter-btn"
                    type="button"
                  >
                    <span
                      class="icon-arrow-full-down"
                    />
                  </button>
                </div>
              </div>
            </th>
            <th
              class="table-col"
              colspan="1"
              role="columnheader"
            >
              <div
                class="table-header-inner"
              >
                <span
                  class="table-header-title"
                >
                  Author
                </span>
                <div
                  class="table-filter"
                >
                  <button
                    class="table-filter-btn"
                    type="button"
                  >
                    <span
                      class="icon-arrow-full-up"
                    />
                  </button>
                  <button
                    class="table-filter-btn"
                    type="button"
                  >
                    <span
                      class="icon-arrow-full-down"
                    />
                  </button>
                </div>
              </div>
            </th>
            <th
              class="table-col"
              colspan="1"
              role="columnheader"
            >
              <div
                class="table-header-inner"
              >
                <span
                  class="table-header-title"
                >
                  Last Update
                </span>
                <div
                  class="table-filter"
                />
              </div>
            </th>
            <th
              class="table-col"
              colspan="1"
              role="columnheader"
            >
              <div
                class="table-header-inner"
              >
                <span
                  class="table-header-title"
                >
                  Color
                </span>
                <div
                  class="table-filter"
                />
              </div>
            </th>
            <th
              class="table-col"
              colspan="1"
              role="columnheader"
            >
              <div
                class="table-header-inner"
              >
                <span
                  class="table-header-title"
                >
                  Actions
                </span>
                <div
                  class="table-filter"
                />
              </div>
            </th>
          </tr>
        </thead>
        <tbody
          class="table-body"
          role="rowgroup"
        />
      </table>
    </div>
    <div
      aria-labelledby="react-tabs-10"
      class="react-tabs__tab-panel"
      id="react-tabs-11"
      role="tabpanel"
    />
    <div
      aria-labelledby="react-tabs-12"
      class="react-tabs__tab-panel"
      id="react-tabs-13"
      role="tabpanel"
    />
    <div
      aria-labelledby="react-tabs-14"
      class="react-tabs__tab-panel"
      id="react-tabs-15"
      role="tabpanel"
    />
    <footer
      class="footer"
    >
      <div
        class="footer-inner "
      >
        <span
          class="footer-text"
        >
          Showing 0 of 0 Domains
        </span>
        <nav
          aria-label="pagination"
          class="pagination"
        >
          <ul
            class="pagination-list"
          >
            <li
              class="page-item disabled"
              role="presentation"
            />
            <li
              class="page-item"
              role="presentation"
            />
          </ul>
        </nav>
      </div>
    </footer>
  </div>
  <div
    class="preloader"
  >
    <div
      class="preloader-circle"
    />
    <span
      class="preloader-label"
    >
      Loading data...
    </span>
  </div>
  <div
    class="modal"
  >
    <div
      class="modal-content"
    >
      <div
        class="modal-header"
      >
        <div
          class="modal-heading"
        >
          <div
            class="modal-header-content"
          >
            <span
              class="modal-title"
            >
              Customize columns
            </span>
            <span
              class="modal-subtitle"
            />
          </div>
          <button
            class="btn btn-xs-secondary"
            type="button"
          >
            <span
              class="icon-close"
            />
          </button>
        </div>
      </div>
      <div
        class="modal-body"
      >
        <div
          class="modal-info"
        >
          <form>
            <ul
              class="customise-list"
            >
              <li
                class="customise-item"
              >
                <button
                  class="customise-move"
                  type="button"
                />
                <div
                  class="checkbox"
                >
                  <label
                    class="checkbox-label"
                    for="model"
                  >
                    <input
                      checked=""
                      class="checkbox-input"
                      id="model"
                      name="model"
                      type="checkbox"
                    />
                    <span
                      class="checkbox-mark"
                    />
                    <span
                      class="checkbox-title"
                    >
                      Model
                    </span>
                  </label>
                </div>
              </li>
              <li
                class="customise-item"
              >
                <button
                  class="customise-move"
                  type="button"
                />
                <div
                  class="checkbox"
                >
                  <label
                    class="checkbox-label"
                    for="platform"
                  >
                    <input
                      checked=""
                      class="checkbox-input"
                      id="platform"
                      name="platform"
                      type="checkbox"
                    />
                    <span
                      class="checkbox-mark"
                    />
                    <span
                      class="checkbox-title"
                    >
                      Platform
                    </span>
                  </label>
                </div>
              </li>
              <li
                class="customise-item"
              >
                <button
                  class="customise-move"
                  type="button"
                />
                <div
                  class="checkbox"
                >
                  <label
                    class="checkbox-label"
                    for="name"
                  >
                    <input
                      checked=""
                      class="checkbox-input"
                      id="name"
                      name="name"
                      type="checkbox"
                    />
                    <span
                      class="checkbox-mark"
                    />
                    <span
                      class="checkbox-title"
                    >
                      Name
                    </span>
                  </label>
                </div>
              </li>
              <li
                class="customise-item"
              >
                <button
                  class="customise-move"
                  type="button"
                />
                <div
                  class="checkbox"
                >
                  <label
                    class="checkbox-label"
                    for="usage"
                  >
                    <input
                      checked=""
                      class="checkbox-input"
                      id="usage"
                      name="usage"
                      type="checkbox"
                    />
                    <span
                      class="checkbox-mark"
                    />
                    <span
                      class="checkbox-title"
                    >
                      Domain Usage
                    </span>
                  </label>
                </div>
              </li>
              <li
                class="customise-item"
              >
                <button
                  class="customise-move"
                  type="button"
                />
                <div
                  class="checkbox"
                >
                  <label
                    class="checkbox-label"
                    for="communication"
                  >
                    <input
                      checked=""
                      class="checkbox-input"
                      id="communication"
                      name="communication"
                      type="checkbox"
                    />
                    <span
                      class="checkbox-mark"
                    />
                    <span
                      class="checkbox-title"
                    >
                      Communication
                    </span>
                  </label>
                </div>
              </li>
              <li
                class="customise-item"
              >
                <button
                  class="customise-move"
                  type="button"
                />
                <div
                  class="checkbox"
                >
                  <label
                    class="checkbox-label"
                    for="connectivity"
                  >
                    <input
                      checked=""
                      class="checkbox-input"
                      id="connectivity"
                      name="connectivity"
                      type="checkbox"
                    />
                    <span
                      class="checkbox-mark"
                    />
                    <span
                      class="checkbox-title"
                    >
                      Online Connectivity
                    </span>
                  </label>
                </div>
              </li>
              <li
                class="customise-item"
              >
                <button
                  class="customise-move"
                  type="button"
                />
                <div
                  class="checkbox"
                >
                  <label
                    class="checkbox-label"
                    for="author"
                  >
                    <input
                      checked=""
                      class="checkbox-input"
                      id="author"
                      name="author"
                      type="checkbox"
                    />
                    <span
                      class="checkbox-mark"
                    />
                    <span
                      class="checkbox-title"
                    >
                      Author
                    </span>
                  </label>
                </div>
              </li>
              <li
                class="customise-item"
              >
                <button
                  class="customise-move"
                  type="button"
                />
                <div
                  class="checkbox"
                >
                  <label
                    class="checkbox-label"
                    for="update"
                  >
                    <input
                      checked=""
                      class="checkbox-input"
                      id="update"
                      name="update"
                      type="checkbox"
                    />
                    <span
                      class="checkbox-mark"
                    />
                    <span
                      class="checkbox-title"
                    >
                      Last Update
                    </span>
                  </label>
                </div>
              </li>
              <li
                class="customise-item"
              >
                <button
                  class="customise-move"
                  type="button"
                />
                <div
                  class="checkbox"
                >
                  <label
                    class="checkbox-label"
                    for="color"
                  >
                    <input
                      checked=""
                      class="checkbox-input"
                      id="color"
                      name="color"
                      type="checkbox"
                    />
                    <span
                      class="checkbox-mark"
                    />
                    <span
                      class="checkbox-title"
                    >
                      Color
                    </span>
                  </label>
                </div>
              </li>
              <li
                class="customise-item"
              >
                <button
                  class="customise-move"
                  type="button"
                />
                <div
                  class="checkbox"
                >
                  <label
                    class="checkbox-label"
                    for="actions"
                  >
                    <input
                      checked=""
                      class="checkbox-input"
                      id="actions"
                      name="actions"
                      type="checkbox"
                    />
                    <span
                      class="checkbox-mark"
                    />
                    <span
                      class="checkbox-title"
                    >
                      Actions
                    </span>
                  </label>
                </div>
              </li>
            </ul>
          </form>
        </div>
      </div>
      <div
        class="modal-footer"
      >
        <div
          class="btn-group-stretch"
        >
          <button
            class="btn btn-lg-outline mr-15"
            type="button"
          >
            <span
              class="btn-icon "
            />
            <span
              class="btn-text"
            >
              Cancel
            </span>
          </button>
          <button
            class="btn btn-lg-primary"
            type="button"
          >
            <span
              class="btn-icon "
            />
            <span
              class="btn-text"
            >
              Apply
            </span>
          </button>
        </div>
      </div>
    </div>
  </div>
</DocumentFragment>
`;
