// Jest Snapshot v1, https://goo.gl/fbAQLP

exports[`VehiclePage tests Should match snapshot 1`] = `
<DocumentFragment>
  <div
    class="content"
    id="vehicle"
  >
    <div
      class="box page-controls"
    >
      <div
        class="page-controls-content flex-end"
      >
        <div
          class="page-controls-item"
        >
          <div
            class="mr-15"
          >
            <div
              class="form-group"
            >
              <label
                class="form-label search-label"
                for="exampleFormControlInput1"
              >
                What are you looking for?
              </label>
              <div
                class="search-group"
              >
                <div
                  class="search-icon"
                >
                  <span
                    class="icon-loupe"
                  />
                </div>
                <input
                  class="form-control search-input"
                  id="exampleFormControlInput1"
                  placeholder="Search"
                  type="email"
                  value=""
                />
                <button
                  class="search-btn"
                  type="button"
                >
                  <span
                    class="icon-cross"
                  />
                </button>
              </div>
            </div>
          </div>
          <div
            class="mr-15"
          >
            <button
              class="btn-xs-primary"
              type="button"
            >
              <span
                class="icon-filter-blue"
              />
            </button>
          </div>
        </div>
        <div
          class="page-controls-item"
        >
          <button
            class="btn btn-lg-primary"
            type="button"
          >
            <span
              class="btn-icon icon-plus"
            />
            <span
              class="btn-text"
            >
              Create Vehicle
            </span>
          </button>
        </div>
      </div>
      <div
        class="page-filter"
      >
        <div
          class="page-filter-inner"
        />
        <div
          class="page-filter-btn"
        >
          <button
            class="btn btn-xs-secondary mr-15"
            type="button"
          >
            <span
              class="btn-icon icon-close"
            />
            <span
              class="btn-text"
            />
          </button>
          <button
            class="btn btn-lg-outline"
            type="button"
          >
            <span
              class="btn-icon "
            />
            <span
              class="btn-text"
            >
              Apply
            </span>
          </button>
        </div>
      </div>
    </div>
    <div
      class="box-table"
    >
      <table
        class="table"
        role="table"
      >
        <thead
          class="table-header"
        >
          <tr
            class="table-row"
            role="row"
          >
            <th
              class="table-col"
              colspan="1"
              role="columnheader"
            >
              <div
                class="table-header-inner"
              >
                <span
                  class="table-header-title"
                >
                  <button
                    class="btn btn-xs-primary"
                    currentitem="false"
                    data-for="expandBtn"
                    data-tip="true"
                    type="button"
                  >
                    <span
                      class="btn-icon icon-arrow-line"
                    />
                    <span
                      class="btn-text"
                    />
                  </button>
                  <div
                    class="__react_component_tooltip expandBtn place-top type-dark"
                    data-id="tooltip"
                    id="expandBtn"
                  >
                    <style
                      aria-hidden="true"
                    >
                      
  	.expandBtn {
	    color: #fff;
	    background: #222;
	    border: 1px solid transparent;
  	}

  	.expandBtn.place-top {
        margin-top: -10px;
    }
    .expandBtn.place-top::before {
        border-top: 8px solid transparent;
    }
    .expandBtn.place-top::after {
        border-left: 8px solid transparent;
        border-right: 8px solid transparent;
        bottom: -6px;
        left: 50%;
        margin-left: -8px;
        border-top-color: #222;
        border-top-style: solid;
        border-top-width: 6px;
    }

    .expandBtn.place-bottom {
        margin-top: 10px;
    }
    .expandBtn.place-bottom::before {
        border-bottom: 8px solid transparent;
    }
    .expandBtn.place-bottom::after {
        border-left: 8px solid transparent;
        border-right: 8px solid transparent;
        top: -6px;
        left: 50%;
        margin-left: -8px;
        border-bottom-color: #222;
        border-bottom-style: solid;
        border-bottom-width: 6px;
    }

    .expandBtn.place-left {
        margin-left: -10px;
    }
    .expandBtn.place-left::before {
        border-left: 8px solid transparent;
    }
    .expandBtn.place-left::after {
        border-top: 5px solid transparent;
        border-bottom: 5px solid transparent;
        right: -6px;
        top: 50%;
        margin-top: -4px;
        border-left-color: #222;
        border-left-style: solid;
        border-left-width: 6px;
    }

    .expandBtn.place-right {
        margin-left: 10px;
    }
    .expandBtn.place-right::before {
        border-right: 8px solid transparent;
    }
    .expandBtn.place-right::after {
        border-top: 5px solid transparent;
        border-bottom: 5px solid transparent;
        left: -6px;
        top: 50%;
        margin-top: -4px;
        border-right-color: #222;
        border-right-style: solid;
        border-right-width: 6px;
    }
  
                    </style>
                    Expand All
                  </div>
                </span>
                <div
                  class="table-filter"
                />
              </div>
            </th>
            <th
              class="table-col"
              colspan="1"
              role="columnheader"
            >
              <div
                class="table-header-inner"
              >
                <span
                  class="table-header-title"
                >
                  BRAND
                </span>
                <div
                  class="table-filter"
                >
                  <button
                    class="table-filter-btn"
                    type="button"
                  >
                    <span
                      class="icon-arrow-full-up"
                    />
                  </button>
                  <button
                    class="table-filter-btn"
                    type="button"
                  >
                    <span
                      class="icon-arrow-full-down"
                    />
                  </button>
                </div>
              </div>
            </th>
            <th
              class="table-col"
              colspan="1"
              role="columnheader"
            >
              <div
                class="table-header-inner"
              >
                <span
                  class="table-header-title"
                >
                  MODEL
                </span>
                <div
                  class="table-filter"
                >
                  <button
                    class="table-filter-btn"
                    type="button"
                  >
                    <span
                      class="icon-arrow-full-up"
                    />
                  </button>
                  <button
                    class="table-filter-btn"
                    type="button"
                  >
                    <span
                      class="icon-arrow-full-down"
                    />
                  </button>
                </div>
              </div>
            </th>
            <th
              class="table-col"
              colspan="1"
              role="columnheader"
            >
              <div
                class="table-header-inner"
              >
                <span
                  class="table-header-title"
                >
                  PLATFORM
                </span>
                <div
                  class="table-filter"
                >
                  <button
                    class="table-filter-btn"
                    type="button"
                  >
                    <span
                      class="icon-arrow-full-up"
                    />
                  </button>
                  <button
                    class="table-filter-btn"
                    type="button"
                  >
                    <span
                      class="icon-arrow-full-down"
                    />
                  </button>
                </div>
              </div>
            </th>
            <th
              class="table-col"
              colspan="1"
              role="columnheader"
            >
              <div
                class="table-header-inner"
              >
                <span
                  class="table-header-title"
                >
                  CURRENT PHASE
                </span>
                <div
                  class="table-filter"
                />
              </div>
            </th>
            <th
              class="table-col"
              colspan="1"
              role="columnheader"
            >
              <div
                class="table-header-inner"
              >
                <span
                  class="table-header-title"
                >
                  RISK LEVEL
                </span>
                <div
                  class="table-filter"
                />
              </div>
            </th>
            <th
              class="table-col"
              colspan="1"
              role="columnheader"
            >
              <div
                class="table-header-inner"
              >
                <span
                  class="table-header-title"
                >
                  COMPLIANCE LEVEL
                </span>
                <div
                  class="table-filter"
                />
              </div>
            </th>
            <th
              class="table-col"
              colspan="1"
              role="columnheader"
            >
              <div
                class="table-header-inner"
              >
                <span
                  class="table-header-title"
                >
                  RA PROGRESS
                </span>
                <div
                  class="table-filter"
                />
              </div>
            </th>
            <th
              class="table-col"
              colspan="1"
              role="columnheader"
            >
              <div
                class="table-header-inner"
              >
                <span
                  class="table-header-title"
                >
                  LAST UPDATE
                </span>
                <div
                  class="table-filter"
                />
              </div>
            </th>
            <th
              class="table-col"
              colspan="1"
              role="columnheader"
            >
              <div
                class="table-header-inner"
              >
                <span
                  class="table-header-title"
                >
                  ACTIONS
                </span>
                <div
                  class="table-filter"
                />
              </div>
            </th>
          </tr>
        </thead>
        <tbody
          class="table-body"
          role="rowgroup"
        />
      </table>
    </div>
    <div
      class="modal modal-aside"
    >
      <div
        class="modal-content"
      >
        <div
          class="modal-header"
        >
          <div
            class="modal-heading"
          >
            <div
              class="modal-header-content"
            >
              <span
                class="modal-subtitle"
              >
                Step 1/2
              </span>
              <span
                class="modal-title"
              >
                Create Vehicle
              </span>
              <span
                class="modal-subtitle"
              >
                Basic Information
              </span>
            </div>
            <button
              class="btn btn-xs-secondary"
              type="button"
            >
              <span
                class="icon-close"
              />
            </button>
          </div>
        </div>
        <div
          class="modal-body"
        >
          <form
            action="#"
          >
             
            <div
              class="vehicle-create"
            >
              <div
                class="upload upload-icon"
                tabindex="0"
              >
                <input
                  autocomplete="off"
                  multiple=""
                  style="display: none;"
                  tabindex="-1"
                  type="file"
                />
                 
                <img
                  alt=""
                  class="upload-img"
                  src=""
                />
                <div
                  class="upload-content"
                >
                  <div
                    class="upload-text"
                  >
                    Drop a Vehicle photo here, or 
                    <span
                      class="link"
                    >
                      click to browse
                    </span>
                  </div>
                </div>
              </div>
              <div
                class="grid-box-columns"
              >
                <div
                  class="form-group"
                >
                  <label
                    class="form-label"
                    for="exampleFormControlInput1"
                  >
                    Brand
                  </label>
                  <div
                    class=" css-2b097c-container"
                  >
                    <span
                      aria-atomic="false"
                      aria-live="polite"
                      aria-relevant="additions text"
                      class="css-1f43avz-a11yText-A11yText"
                    />
                    <div
                      class=" css-1pgkwyd-control"
                    >
                      <div
                        class=" css-g1d714-ValueContainer"
                      >
                        <div
                          class=" css-oco7ot-placeholder"
                        >
                          Brand
                        </div>
                        <div
                          class="css-b8ldur-Input"
                        >
                          <div
                            class=""
                            style="display: inline-block;"
                          >
                            <input
                              aria-autocomplete="list"
                              autocapitalize="none"
                              autocomplete="off"
                              autocorrect="off"
                              id="react-select-5-input"
                              spellcheck="false"
                              style="box-sizing: content-box; width: 2px; border: 0px; opacity: 1; outline: 0; padding: 0px;"
                              tabindex="0"
                              type="text"
                              value=""
                            />
                            <div
                              style="position: absolute; top: 0px; left: 0px; visibility: hidden; height: 0px; overflow: scroll; white-space: pre; font-family: -webkit-small-control; letter-spacing: normal; text-transform: none;"
                            />
                          </div>
                        </div>
                      </div>
                      <div
                        class=" css-1hb7zxy-IndicatorsContainer"
                      >
                        <div
                          aria-hidden="true"
                          class=" css-tlfecz-indicatorContainer"
                        >
                          <div
                            class="form-arrow icon-arrow-border-down"
                          />
                        </div>
                      </div>
                    </div>
                    <input
                      name="brand"
                      type="hidden"
                      value=""
                    />
                  </div>
                </div>
                <div
                  class="form-group"
                >
                  <label
                    class="form-label"
                  >
                    Model
                  </label>
                  <input
                    class="form-control"
                    form="[object Object]"
                    maxlength="25"
                    name="model"
                    placeholder="Model"
                    value=""
                  />
                </div>
                <div
                  class="form-group"
                >
                  <label
                    class="form-label"
                  >
                    Platform
                  </label>
                  <input
                    class="form-control"
                    form="[object Object]"
                    maxlength="25"
                    name="platform"
                    placeholder="Platform"
                    value=""
                  />
                </div>
                <div
                  class="form-group"
                >
                  <label
                    class="form-label"
                    for="exampleFormControlInput1"
                  >
                    Phase
                  </label>
                  <div
                    class=" css-2b097c-container"
                  >
                    <span
                      aria-atomic="false"
                      aria-live="polite"
                      aria-relevant="additions text"
                      class="css-1f43avz-a11yText-A11yText"
                    />
                    <div
                      class=" css-1pgkwyd-control"
                    >
                      <div
                        class=" css-g1d714-ValueContainer"
                      >
                        <div
                          class=" css-oco7ot-placeholder"
                        >
                          Phase
                        </div>
                        <div
                          class="css-b8ldur-Input"
                        >
                          <div
                            class=""
                            style="display: inline-block;"
                          >
                            <input
                              aria-autocomplete="list"
                              autocapitalize="none"
                              autocomplete="off"
                              autocorrect="off"
                              id="react-select-6-input"
                              spellcheck="false"
                              style="box-sizing: content-box; width: 2px; border: 0px; opacity: 1; outline: 0; padding: 0px;"
                              tabindex="0"
                              type="text"
                              value=""
                            />
                            <div
                              style="position: absolute; top: 0px; left: 0px; visibility: hidden; height: 0px; overflow: scroll; white-space: pre; font-family: -webkit-small-control; letter-spacing: normal; text-transform: none;"
                            />
                          </div>
                        </div>
                      </div>
                      <div
                        class=" css-1hb7zxy-IndicatorsContainer"
                      >
                        <div
                          aria-hidden="true"
                          class=" css-tlfecz-indicatorContainer"
                        >
                          <div
                            class="form-arrow icon-arrow-border-down"
                          />
                        </div>
                      </div>
                    </div>
                    <input
                      name="phase"
                      type="hidden"
                      value=""
                    />
                  </div>
                </div>
                <div
                  class="form-group"
                >
                  <label
                    class="form-label"
                    for="exampleFormControlInput1"
                  >
                    Regulation
                  </label>
                  <div
                    class=" css-2b097c-container"
                  >
                    <span
                      aria-atomic="false"
                      aria-live="polite"
                      aria-relevant="additions text"
                      class="css-1f43avz-a11yText-A11yText"
                    />
                    <div
                      class=" css-1pgkwyd-control"
                    >
                      <div
                        class=" css-g1d714-ValueContainer"
                      >
                        <div
                          class=" css-oco7ot-placeholder"
                        >
                          Regulation
                        </div>
                        <div
                          class="css-b8ldur-Input"
                        >
                          <div
                            class=""
                            style="display: inline-block;"
                          >
                            <input
                              aria-autocomplete="list"
                              autocapitalize="none"
                              autocomplete="off"
                              autocorrect="off"
                              id="react-select-7-input"
                              spellcheck="false"
                              style="box-sizing: content-box; width: 2px; border: 0px; opacity: 1; outline: 0; padding: 0px;"
                              tabindex="0"
                              type="text"
                              value=""
                            />
                            <div
                              style="position: absolute; top: 0px; left: 0px; visibility: hidden; height: 0px; overflow: scroll; white-space: pre; font-family: -webkit-small-control; letter-spacing: normal; text-transform: none;"
                            />
                          </div>
                        </div>
                      </div>
                      <div
                        class=" css-1hb7zxy-IndicatorsContainer"
                      >
                        <div
                          aria-hidden="true"
                          class=" css-tlfecz-indicatorContainer"
                        >
                          <div
                            class="form-arrow icon-arrow-border-down"
                          />
                        </div>
                      </div>
                    </div>
                    <input
                      name="regulation"
                      type="hidden"
                      value=""
                    />
                  </div>
                </div>
              </div>
              <div
                class="card-dropdown open"
              >
                <div
                  class="card-dropdown-header"
                >
                  <div
                    class="controller-info"
                  >
                    <span
                      class="controller-info-title"
                    >
                      Does the vehicle have Gateway?
                    </span>
                    <div
                      class="switch"
                    >
                      <input
                        class="switch-input"
                        id="haveGateway"
                        name="haveGateway"
                        type="checkbox"
                      />
                      <label
                        class="switch-label"
                        for="haveGateway"
                      >
                        <span
                          class="switch-text"
                        />
                        <span
                          class="switch-trigger"
                        />
                      </label>
                    </div>
                  </div>
                </div>
              </div>
            </div>
          </form>
        </div>
        <div
          class="modal-footer"
        >
          <div
            class="modal-footer-control"
          >
            <div
              class="modal-footer-item"
            />
            <button
              class="btn btn-lg-primary btn-stretch"
              type="button"
            >
              <span
                class="btn-icon "
              />
              <span
                class="btn-text"
              >
                Next
              </span>
            </button>
          </div>
        </div>
      </div>
    </div>
    <div
      class="preloader"
    >
      <div
        class="preloader-circle"
      />
      <span
        class="preloader-label"
      >
        Loading data...
      </span>
    </div>
  </div>
</DocumentFragment>
`;
