// Jest Snapshot v1, https://goo.gl/fbAQLP

exports[`CustomiseModalContent tests Should match snapshot 1`] = `
<DocumentFragment>
  <div
    class="modal-info"
  >
    <form>
      <ul
        class="customise-list"
      >
        <li
          class="customise-item"
        >
          <button
            class="customise-move"
            type="button"
          />
          <div
            class="checkbox"
          >
            <label
              class="checkbox-label"
              for="name"
            >
              <input
                checked=""
                class="checkbox-input"
                id="name"
                name="name"
                type="checkbox"
              />
              <span
                class="checkbox-mark"
              />
              <span
                class="checkbox-title"
              >
                Name
              </span>
            </label>
          </div>
        </li>
        <li
          class="customise-item"
        >
          <button
            class="customise-move"
            type="button"
          />
          <div
            class="checkbox"
          >
            <label
              class="checkbox-label"
              for="date"
            >
              <input
                class="checkbox-input"
                id="date"
                name="date"
                type="checkbox"
              />
              <span
                class="checkbox-mark"
              />
              <span
                class="checkbox-title"
              >
                Date
              </span>
            </label>
          </div>
        </li>
      </ul>
    </form>
  </div>
</DocumentFragment>
`;
