// Jest Snapshot v1, https://goo.gl/fbAQLP

exports[`Footer tests Should match snapshot 1`] = `
<DocumentFragment>
  <footer
    class="footer"
  >
    <div
      class="footer-inner "
    >
      <span
        class="footer-text"
      >
        Showing 0 of 0 domains
      </span>
      <nav
        aria-label="pagination"
        class="pagination"
      >
        <ul
          class="pagination-list"
        >
          <li
            class="page-item disabled"
            role="presentation"
          />
          <li
            class="page-item"
            role="presentation"
          >
            <span
              class="page-link next"
            >
              <span
                class="page-link next"
              />
            </span>
          </li>
        </ul>
      </nav>
    </div>
  </footer>
   
</DocumentFragment>
`;
