// Jest Snapshot v1, https://goo.gl/fbAQLP

exports[`Sidebar tests Should match snapshot 1`] = `
<DocumentFragment>
  <div
    class="page-container"
  >
    <nav
      class="sidebar is-open"
    >
      <div
        class="sidebar-header"
      >
        <a
          class="logo"
          href="/"
        >
          <span
            class="icon-logo"
          />
        </a>
      </div>
      <div
        class="sidebar-body"
      >
        <ul
          class="sidebar-list"
        >
          <li
            class="sidebar-list-item"
          >
            <a
              class="sidebar-link"
              data-bs-toggle=""
              data-tab="vehicle"
              href="/company/company-id1/team/team-id1/vehicle"
              role=""
            >
              <div
                class="sidebar-icon"
              >
                <span
                  class="icon-vehicle"
                />
              </div>
              <span
                class="sidebar-link-title"
              >
                Vehicle Types
              </span>
            </a>
          </li>
          <li
            class="sidebar-list-item"
          >
            <a
              class="sidebar-link"
              data-bs-toggle="collapse"
              data-tab="architecture"
              href="/company/company-id1/team/team-id1/architecture"
              role="button"
            >
              <div
                class="sidebar-icon"
              >
                <span
                  class="icon-architecture"
                />
              </div>
              <span
                class="sidebar-link-title"
              >
                Architecture
              </span>
            </a>
          </li>
          <li
            class="sidebar-list-item"
          >
            <a
              class="sidebar-link"
              data-bs-toggle="collapse"
              data-tab="elements"
              href="/company/company-id1/team/team-id1/elements"
              role="button"
            >
              <div
                class="sidebar-icon"
              >
                <span
                  class="icon-elements"
                />
              </div>
              <span
                class="sidebar-link-title"
              >
                Elements
              </span>
            </a>
          </li>
          <li
            class="sidebar-list-item"
          >
            <a
              class="sidebar-link"
              data-bs-toggle="collapse"
              data-tab="suppliers"
              href="/company/company-id1/team/team-id1/suppliers"
              role="button"
            >
              <div
                class="sidebar-icon"
              >
                <span
                  class="icon-user"
                />
              </div>
              <span
                class="sidebar-link-title"
              >
                Suppliers
              </span>
            </a>
          </li>
          <li
            class="sidebar-list-item"
          >
            <a
              class="sidebar-link"
              data-bs-toggle="collapse"
              data-tab="tickets"
              href="/company/company-id1/team/team-id1/tickets"
              role="button"
            >
              <div
                class="sidebar-icon"
              >
                <span
                  class="icon-tickets"
                />
              </div>
              <span
                class="sidebar-link-title"
              >
                Tickets
              </span>
            </a>
          </li>
          <li
            class="sidebar-list-item"
          >
            <a
              class="sidebar-link"
              data-bs-toggle="collapse"
              data-tab=""
              href="/company/company-id1/team/team-id1/services"
              role="button"
            >
              <div
                class="sidebar-icon"
              >
                <span
                  class="icon-services"
                />
              </div>
              <span
                class="sidebar-link-title"
              >
                Services
              </span>
            </a>
          </li>
          <li
            class="sidebar-list-item"
          >
            <a
              class="sidebar-link"
              data-bs-toggle="collapse"
              data-tab=""
              href="/company/company-id1/team/team-id1/threats"
              role="button"
            >
              <div
                class="sidebar-icon"
              >
                <span
                  class="icon-threats"
                />
              </div>
              <span
                class="sidebar-link-title"
              >
                Threats
              </span>
            </a>
          </li>
          <li
            class="sidebar-list-item"
          >
            <a
              class="sidebar-link"
              data-bs-toggle="collapse"
              data-tab=""
              href="/company/company-id1/team/team-id1/controls"
              role="button"
            >
              <div
                class="sidebar-icon"
              >
                <span
                  class="icon-controls"
                />
              </div>
              <span
                class="sidebar-link-title"
              >
                Controls
              </span>
            </a>
          </li>
          <li
            class="sidebar-list-item"
          >
            <a
              class="sidebar-link"
              data-bs-toggle="collapse"
              data-tab=""
              href="/company/company-id1/team/team-id1/certification"
              role="button"
            >
              <div
                class="sidebar-icon"
              >
                <span
                  class="icon-certification"
                />
              </div>
              <span
                class="sidebar-link-title"
              >
                Certification
              </span>
            </a>
          </li>
          <li
            class="sidebar-list-item"
          >
            <a
              class="sidebar-link"
              data-bs-toggle="collapse"
              data-tab=""
              href="/company/company-id1/team/team-id1/reports"
              role="button"
            >
              <div
                class="sidebar-icon"
              >
                <span
                  class="icon-reports"
                />
              </div>
              <span
                class="sidebar-link-title"
              >
                Reports
              </span>
            </a>
          </li>
          <li
            class="sidebar-list-item"
          >
            <a
              class="sidebar-link"
              data-bs-toggle="collapse"
              data-tab=""
              href="/company/company-id1/team/team-id1/documents"
              role="button"
            >
              <div
                class="sidebar-icon"
              >
                <span
                  class="icon-documents"
                />
              </div>
              <span
                class="sidebar-link-title"
              >
                Documents
              </span>
            </a>
          </li>
          <li
            class="sidebar-list-item"
          >
            <a
              class="sidebar-link"
              data-bs-toggle="collapse"
              data-tab=""
              href="/company/company-id1/team/team-id1/notifications"
              role="button"
            >
              <div
                class="sidebar-icon"
              >
                <span
                  class="icon-notifications"
                />
              </div>
              <span
                class="sidebar-link-title"
              >
                Notifications
              </span>
            </a>
          </li>
          <li
            class="sidebar-list-item"
          >
            <a
              class="sidebar-link"
              data-bs-toggle="collapse"
              data-tab=""
              href="/company/company-id1/team/team-id1/feeds"
              role="button"
            >
              <div
                class="sidebar-icon"
              >
                <span
                  class="icon-feeds"
                />
              </div>
              <span
                class="sidebar-link-title"
              >
                External Feeds
              </span>
            </a>
          </li>
          <li
            class="sidebar-list-item"
          >
            <a
              class="sidebar-link"
              data-bs-toggle="collapse"
              data-tab=""
              href="/company/company-id1/team/team-id1/configurations"
              role="button"
            >
              <div
                class="sidebar-icon"
              >
                <span
                  class="icon-сonfigurations"
                />
              </div>
              <span
                class="sidebar-link-title"
              >
                Configurations
              </span>
            </a>
          </li>
          <li
            class="sidebar-list-item"
          >
            <a
              class="sidebar-link"
              data-bs-toggle="collapse"
              data-tab=""
              href="/company/company-id1/team/team-id1/settings"
              role="button"
            >
              <div
                class="sidebar-icon"
              >
                <span
                  class="icon-settings"
                />
              </div>
              <span
                class="sidebar-link-title"
              >
                Settings
              </span>
            </a>
          </li>
        </ul>
      </div>
    </nav>
    <main
      class="main"
    />
  </div>
</DocumentFragment>
`;
