// Jest Snapshot v1, https://goo.gl/fbAQLP

exports[`ElementsContent tests Should match snapshot 1`] = `
<DocumentFragment>
  <div
    class="box-table elements-content"
  >
    <table
      class="table"
    >
      <thead
        class="table-header"
      >
        <tr
          class="table-row"
        >
          <th
            class="table-col"
          >
            <div
              class="table-header-inner"
            >
              <span
                class="table-header-title"
              >
                Model
              </span>
              <div
                class="table-filter"
              >
                <button
                  class="table-filter-btn"
                  type="button"
                >
                  <span
                    class="icon-arrow-full-up"
                  />
                </button>
                <button
                  class="table-filter-btn"
                  type="button"
                >
                  <span
                    class="icon-arrow-full-down"
                  />
                </button>
              </div>
            </div>
          </th>
          <th
            class="table-col"
          >
            <div
              class="table-header-inner"
            >
              <span
                class="table-header-title"
              >
                Platform
              </span>
              <div
                class="table-filter"
              >
                <button
                  class="table-filter-btn"
                  type="button"
                >
                  <span
                    class="icon-arrow-full-up"
                  />
                </button>
                <button
                  class="table-filter-btn"
                  type="button"
                >
                  <span
                    class="icon-arrow-full-down"
                  />
                </button>
              </div>
            </div>
          </th>
          <th
            class="table-col"
          >
            <div
              class="table-header-inner"
            >
              <span
                class="table-header-title"
              >
                Name
              </span>
              <div
                class="table-filter"
              >
                <button
                  class="table-filter-btn"
                  type="button"
                >
                  <span
                    class="icon-arrow-full-up"
                  />
                </button>
                <button
                  class="table-filter-btn"
                  type="button"
                >
                  <span
                    class="icon-arrow-full-down"
                  />
                </button>
              </div>
            </div>
          </th>
          <th
            class="table-col"
          >
            <div
              class="table-header-inner"
            >
              <span
                class="table-header-title"
              >
                Domain Usage
              </span>
              <div
                class="table-filter"
              >
                <button
                  class="table-filter-btn"
                  type="button"
                >
                  <span
                    class="icon-arrow-full-up"
                  />
                </button>
                <button
                  class="table-filter-btn"
                  type="button"
                >
                  <span
                    class="icon-arrow-full-down"
                  />
                </button>
              </div>
            </div>
          </th>
          <th
            class="table-col"
          >
            <div
              class="table-header-inner"
            >
              <span
                class="table-header-title"
              >
                Communication
              </span>
              <div
                class="table-filter"
              >
                <button
                  class="table-filter-btn"
                  type="button"
                >
                  <span
                    class="icon-arrow-full-up"
                  />
                </button>
                <button
                  class="table-filter-btn"
                  type="button"
                >
                  <span
                    class="icon-arrow-full-down"
                  />
                </button>
              </div>
            </div>
          </th>
          <th
            class="table-col"
          >
            <div
              class="table-header-inner"
            >
              <span
                class="table-header-title"
              >
                Online Connectivity
              </span>
              <div
                class="table-filter"
              >
                <button
                  class="table-filter-btn"
                  type="button"
                >
                  <span
                    class="icon-arrow-full-up"
                  />
                </button>
                <button
                  class="table-filter-btn"
                  type="button"
                >
                  <span
                    class="icon-arrow-full-down"
                  />
                </button>
              </div>
            </div>
          </th>
          <th
            class="table-col"
          >
            <div
              class="table-header-inner"
            >
              <span
                class="table-header-title"
              >
                Author
              </span>
              <div
                class="table-filter"
              >
                <button
                  class="table-filter-btn"
                  type="button"
                >
                  <span
                    class="icon-arrow-full-up"
                  />
                </button>
                <button
                  class="table-filter-btn"
                  type="button"
                >
                  <span
                    class="icon-arrow-full-down"
                  />
                </button>
              </div>
            </div>
          </th>
          <th
            class="table-col"
          >
            <div
              class="table-header-inner"
            >
              <span
                class="table-header-title"
              >
                Last Update
              </span>
            </div>
          </th>
          <th
            class="table-col"
          >
            <div
              class="table-header-inner"
            >
              <span
                class="table-header-title"
              >
                Color
              </span>
            </div>
          </th>
          <th
            class="table-col sticky"
          >
            <div
              class="table-header-inner"
            >
              <span
                class="table-header-title"
              >
                Actions
              </span>
            </div>
          </th>
        </tr>
      </thead>
      <tbody
        class="table-body"
      >
        <tr
          class="table-row"
        >
          <td
            class="table-col"
          >
            2021 TSI
          </td>
          <td
            class="table-col"
          >
            20.3
          </td>
          <td
            class="table-col"
          >
            30.5
          </td>
          <td
            class="table-col"
          >
            23.5
          </td>
          <td
            class="table-col"
          >
            40.3
          </td>
          <td
            class="table-col"
          >
            23.5
          </td>
          <td
            class="table-col"
          >
            <div
              class="avatar-card"
            >
              <div
                class="avatar"
              >
                <img
                  alt="avatar"
                  class="avatar-img"
                  src=""
                />
              </div>
              <span
                class="avatar-name"
              >
                John Stone
              </span>
            </div>
          </td>
          <td
            class="table-col"
          >
            <div
              class="date"
            >
              <div
                class="date-item"
              >
                <div
                  class="date-icon"
                >
                  <span
                    class="icon-calendar"
                  />
                </div>
                <span
                  class="date-data"
                >
                  01/01/2021
                </span>
              </div>
              <div
                class="date-item"
              >
                <div
                  class="date-icon"
                >
                  <span
                    class="icon-time"
                  />
                </div>
                <span
                  class="date-data"
                >
                  12:00 AM
                </span>
              </div>
            </div>
          </td>
          <td
            class="table-col"
          >
            <div
              class="badge-round green"
              style="background-color: green;"
            />
          </td>
          <th
            class="table-col sticky"
          >
            <div
              class="btn-group"
            >
              <button
                class="btn btn-xs-primary mr-15"
                type="button"
              >
                <span
                  class="btn-icon icon-architecture-blue"
                />
                <span
                  class="btn-text"
                />
              </button>
              <button
                class="btn btn-xs-primary mr-40"
                type="button"
              >
                <span
                  class="btn-icon icon-elements"
                />
                <span
                  class="btn-text"
                />
              </button>
            </div>
          </th>
        </tr>
        <tr
          class="table-row"
        >
          <td
            class="table-col"
          >
            2021 TSI
          </td>
          <td
            class="table-col"
          >
            50.2
          </td>
          <td
            class="table-col"
          >
            40.63
          </td>
          <td
            class="table-col"
          >
            45.23
          </td>
          <td
            class="table-col"
          >
            39.3
          </td>
          <td
            class="table-col"
          >
            40.3
          </td>
          <td
            class="table-col"
          >
            <div
              class="avatar-card"
            >
              <div
                class="avatar"
              >
                <img
                  alt="avatar"
                  class="avatar-img"
                  src=""
                />
              </div>
              <span
                class="avatar-name"
              >
                John Stone
              </span>
            </div>
          </td>
          <td
            class="table-col"
          >
            <div
              class="date"
            >
              <div
                class="date-item"
              >
                <div
                  class="date-icon"
                >
                  <span
                    class="icon-calendar"
                  />
                </div>
                <span
                  class="date-data"
                >
                  01/01/2021
                </span>
              </div>
              <div
                class="date-item"
              >
                <div
                  class="date-icon"
                >
                  <span
                    class="icon-time"
                  />
                </div>
                <span
                  class="date-data"
                >
                  12:00 AM
                </span>
              </div>
            </div>
          </td>
          <td
            class="table-col"
          >
            <div
              class="badge-round red"
              style="background-color: red;"
            />
          </td>
          <th
            class="table-col sticky"
          >
            <div
              class="btn-group"
            >
              <button
                class="btn btn-xs-primary mr-15"
                type="button"
              >
                <span
                  class="btn-icon icon-architecture-blue"
                />
                <span
                  class="btn-text"
                />
              </button>
              <button
                class="btn btn-xs-primary mr-40"
                type="button"
              >
                <span
                  class="btn-icon icon-elements"
                />
                <span
                  class="btn-text"
                />
              </button>
            </div>
          </th>
        </tr>
        <tr
          class="table-row"
        >
          <td
            class="table-col"
          >
            2021 TSI
          </td>
          <td
            class="table-col"
          >
            25.4
          </td>
          <td
            class="table-col"
          >
            30.2
          </td>
          <td
            class="table-col"
          >
            33.3
          </td>
          <td
            class="table-col"
          >
            36.7
          </td>
          <td
            class="table-col"
          >
            2021 TSI
          </td>
          <td
            class="table-col"
          >
            <div
              class="avatar-card"
            >
              <div
                class="avatar"
              >
                <img
                  alt="avatar"
                  class="avatar-img"
                  src=""
                />
              </div>
              <span
                class="avatar-name"
              >
                John Stone
              </span>
            </div>
          </td>
          <td
            class="table-col"
          >
            <div
              class="date"
            >
              <div
                class="date-item"
              >
                <div
                  class="date-icon"
                >
                  <span
                    class="icon-calendar"
                  />
                </div>
                <span
                  class="date-data"
                >
                  01/01/2021
                </span>
              </div>
              <div
                class="date-item"
              >
                <div
                  class="date-icon"
                >
                  <span
                    class="icon-time"
                  />
                </div>
                <span
                  class="date-data"
                >
                  12:00 AM
                </span>
              </div>
            </div>
          </td>
          <td
            class="table-col"
          >
            <div
              class="badge-round yellow"
              style="background-color: yellow;"
            />
          </td>
          <th
            class="table-col sticky"
          >
            <div
              class="btn-group"
            >
              <button
                class="btn btn-xs-primary mr-15"
                type="button"
              >
                <span
                  class="btn-icon icon-architecture-blue"
                />
                <span
                  class="btn-text"
                />
              </button>
              <button
                class="btn btn-xs-primary mr-40"
                type="button"
              >
                <span
                  class="btn-icon icon-elements"
                />
                <span
                  class="btn-text"
                />
              </button>
            </div>
          </th>
        </tr>
        <tr
          class="table-row"
        >
          <td
            class="table-col"
          >
            2021 TSI
          </td>
          <td
            class="table-col"
          >
            25.4
          </td>
          <td
            class="table-col"
          >
            30.2
          </td>
          <td
            class="table-col"
          >
            33.3
          </td>
          <td
            class="table-col"
          >
            36.7
          </td>
          <td
            class="table-col"
          >
            2021 TSI
          </td>
          <td
            class="table-col"
          >
            <div
              class="avatar-card"
            >
              <div
                class="avatar"
              >
                <img
                  alt="avatar"
                  class="avatar-img"
                  src=""
                />
              </div>
              <span
                class="avatar-name"
              >
                John Stone
              </span>
            </div>
          </td>
          <td
            class="table-col"
          >
            <div
              class="date"
            >
              <div
                class="date-item"
              >
                <div
                  class="date-icon"
                >
                  <span
                    class="icon-calendar"
                  />
                </div>
                <span
                  class="date-data"
                >
                  01/01/2021
                </span>
              </div>
              <div
                class="date-item"
              >
                <div
                  class="date-icon"
                >
                  <span
                    class="icon-time"
                  />
                </div>
                <span
                  class="date-data"
                >
                  12:00 AM
                </span>
              </div>
            </div>
          </td>
          <td
            class="table-col"
          >
            <div
              class="badge-round azure"
              style="background-color: azure;"
            />
          </td>
          <th
            class="table-col sticky"
          >
            <div
              class="btn-group"
            >
              <button
                class="btn btn-xs-primary mr-15"
                type="button"
              >
                <span
                  class="btn-icon icon-architecture-blue"
                />
                <span
                  class="btn-text"
                />
              </button>
              <button
                class="btn btn-xs-primary mr-40"
                type="button"
              >
                <span
                  class="btn-icon icon-elements"
                />
                <span
                  class="btn-text"
                />
              </button>
            </div>
          </th>
        </tr>
        <tr
          class="table-row"
        >
          <td
            class="table-col"
          >
            2021 TSI
          </td>
          <td
            class="table-col"
          >
            25.4
          </td>
          <td
            class="table-col"
          >
            30.2
          </td>
          <td
            class="table-col"
          >
            33.3
          </td>
          <td
            class="table-col"
          >
            36.7
          </td>
          <td
            class="table-col"
          >
            2021 TSI
          </td>
          <td
            class="table-col"
          >
            <div
              class="avatar-card"
            >
              <div
                class="avatar"
              >
                <img
                  alt="avatar"
                  class="avatar-img"
                  src=""
                />
              </div>
              <span
                class="avatar-name"
              >
                John Stone
              </span>
            </div>
          </td>
          <td
            class="table-col"
          >
            <div
              class="date"
            >
              <div
                class="date-item"
              >
                <div
                  class="date-icon"
                >
                  <span
                    class="icon-calendar"
                  />
                </div>
                <span
                  class="date-data"
                >
                  01/01/2021
                </span>
              </div>
              <div
                class="date-item"
              >
                <div
                  class="date-icon"
                >
                  <span
                    class="icon-time"
                  />
                </div>
                <span
                  class="date-data"
                >
                  12:00 AM
                </span>
              </div>
            </div>
          </td>
          <td
            class="table-col"
          >
            <div
              class="badge-round azure"
              style="background-color: azure;"
            />
          </td>
          <th
            class="table-col sticky"
          >
            <div
              class="btn-group"
            >
              <button
                class="btn btn-xs-primary mr-15"
                type="button"
              >
                <span
                  class="btn-icon icon-architecture-blue"
                />
                <span
                  class="btn-text"
                />
              </button>
              <button
                class="btn btn-xs-primary mr-40"
                type="button"
              >
                <span
                  class="btn-icon icon-elements"
                />
                <span
                  class="btn-text"
                />
              </button>
            </div>
          </th>
        </tr>
        <tr
          class="table-row"
        >
          <td
            class="table-col"
          >
            2021 TSI
          </td>
          <td
            class="table-col"
          >
            25.4
          </td>
          <td
            class="table-col"
          >
            30.2
          </td>
          <td
            class="table-col"
          >
            33.3
          </td>
          <td
            class="table-col"
          >
            36.7
          </td>
          <td
            class="table-col"
          >
            2021 TSI
          </td>
          <td
            class="table-col"
          >
            <div
              class="avatar-card"
            >
              <div
                class="avatar"
              >
                <img
                  alt="avatar"
                  class="avatar-img"
                  src=""
                />
              </div>
              <span
                class="avatar-name"
              >
                John Stone
              </span>
            </div>
          </td>
          <td
            class="table-col"
          >
            <div
              class="date"
            >
              <div
                class="date-item"
              >
                <div
                  class="date-icon"
                >
                  <span
                    class="icon-calendar"
                  />
                </div>
                <span
                  class="date-data"
                >
                  01/01/2021
                </span>
              </div>
              <div
                class="date-item"
              >
                <div
                  class="date-icon"
                >
                  <span
                    class="icon-time"
                  />
                </div>
                <span
                  class="date-data"
                >
                  12:00 AM
                </span>
              </div>
            </div>
          </td>
          <td
            class="table-col"
          >
            <div
              class="badge-round azure"
              style="background-color: azure;"
            />
          </td>
          <th
            class="table-col sticky"
          >
            <div
              class="btn-group"
            >
              <button
                class="btn btn-xs-primary mr-15"
                type="button"
              >
                <span
                  class="btn-icon icon-architecture-blue"
                />
                <span
                  class="btn-text"
                />
              </button>
              <button
                class="btn btn-xs-primary mr-40"
                type="button"
              >
                <span
                  class="btn-icon icon-elements"
                />
                <span
                  class="btn-text"
                />
              </button>
            </div>
          </th>
        </tr>
        <tr
          class="table-row"
        >
          <td
            class="table-col"
          >
            2021 TSI
          </td>
          <td
            class="table-col"
          >
            25.4
          </td>
          <td
            class="table-col"
          >
            30.2
          </td>
          <td
            class="table-col"
          >
            33.3
          </td>
          <td
            class="table-col"
          >
            36.7
          </td>
          <td
            class="table-col"
          >
            2021 TSI
          </td>
          <td
            class="table-col"
          >
            <div
              class="avatar-card"
            >
              <div
                class="avatar"
              >
                <img
                  alt="avatar"
                  class="avatar-img"
                  src=""
                />
              </div>
              <span
                class="avatar-name"
              >
                John Stone
              </span>
            </div>
          </td>
          <td
            class="table-col"
          >
            <div
              class="date"
            >
              <div
                class="date-item"
              >
                <div
                  class="date-icon"
                >
                  <span
                    class="icon-calendar"
                  />
                </div>
                <span
                  class="date-data"
                >
                  01/01/2021
                </span>
              </div>
              <div
                class="date-item"
              >
                <div
                  class="date-icon"
                >
                  <span
                    class="icon-time"
                  />
                </div>
                <span
                  class="date-data"
                >
                  12:00 AM
                </span>
              </div>
            </div>
          </td>
          <td
            class="table-col"
          >
            <div
              class="badge-round azure"
              style="background-color: azure;"
            />
          </td>
          <th
            class="table-col sticky"
          >
            <div
              class="btn-group"
            >
              <button
                class="btn btn-xs-primary mr-15"
                type="button"
              >
                <span
                  class="btn-icon icon-architecture-blue"
                />
                <span
                  class="btn-text"
                />
              </button>
              <button
                class="btn btn-xs-primary mr-40"
                type="button"
              >
                <span
                  class="btn-icon icon-elements"
                />
                <span
                  class="btn-text"
                />
              </button>
            </div>
          </th>
        </tr>
        <tr
          class="table-row"
        >
          <td
            class="table-col"
          >
            2021 TSI
          </td>
          <td
            class="table-col"
          >
            25.4
          </td>
          <td
            class="table-col"
          >
            30.2
          </td>
          <td
            class="table-col"
          >
            33.3
          </td>
          <td
            class="table-col"
          >
            36.7
          </td>
          <td
            class="table-col"
          >
            2021 TSI
          </td>
          <td
            class="table-col"
          >
            <div
              class="avatar-card"
            >
              <div
                class="avatar"
              >
                <img
                  alt="avatar"
                  class="avatar-img"
                  src=""
                />
              </div>
              <span
                class="avatar-name"
              >
                John Stone
              </span>
            </div>
          </td>
          <td
            class="table-col"
          >
            <div
              class="date"
            >
              <div
                class="date-item"
              >
                <div
                  class="date-icon"
                >
                  <span
                    class="icon-calendar"
                  />
                </div>
                <span
                  class="date-data"
                >
                  01/01/2021
                </span>
              </div>
              <div
                class="date-item"
              >
                <div
                  class="date-icon"
                >
                  <span
                    class="icon-time"
                  />
                </div>
                <span
                  class="date-data"
                >
                  12:00 AM
                </span>
              </div>
            </div>
          </td>
          <td
            class="table-col"
          >
            <div
              class="badge-round azure"
              style="background-color: azure;"
            />
          </td>
          <th
            class="table-col sticky"
          >
            <div
              class="btn-group"
            >
              <button
                class="btn btn-xs-primary mr-15"
                type="button"
              >
                <span
                  class="btn-icon icon-architecture-blue"
                />
                <span
                  class="btn-text"
                />
              </button>
              <button
                class="btn btn-xs-primary mr-40"
                type="button"
              >
                <span
                  class="btn-icon icon-elements"
                />
                <span
                  class="btn-text"
                />
              </button>
            </div>
          </th>
        </tr>
        <tr
          class="table-row"
        >
          <td
            class="table-col"
          >
            2021 TSI
          </td>
          <td
            class="table-col"
          >
            25.4
          </td>
          <td
            class="table-col"
          >
            30.2
          </td>
          <td
            class="table-col"
          >
            33.3
          </td>
          <td
            class="table-col"
          >
            36.7
          </td>
          <td
            class="table-col"
          >
            2021 TSI
          </td>
          <td
            class="table-col"
          >
            <div
              class="avatar-card"
            >
              <div
                class="avatar"
              >
                <img
                  alt="avatar"
                  class="avatar-img"
                  src=""
                />
              </div>
              <span
                class="avatar-name"
              >
                John Stone
              </span>
            </div>
          </td>
          <td
            class="table-col"
          >
            <div
              class="date"
            >
              <div
                class="date-item"
              >
                <div
                  class="date-icon"
                >
                  <span
                    class="icon-calendar"
                  />
                </div>
                <span
                  class="date-data"
                >
                  01/01/2021
                </span>
              </div>
              <div
                class="date-item"
              >
                <div
                  class="date-icon"
                >
                  <span
                    class="icon-time"
                  />
                </div>
                <span
                  class="date-data"
                >
                  12:00 AM
                </span>
              </div>
            </div>
          </td>
          <td
            class="table-col"
          >
            <div
              class="badge-round azure"
              style="background-color: azure;"
            />
          </td>
          <th
            class="table-col sticky"
          >
            <div
              class="btn-group"
            >
              <button
                class="btn btn-xs-primary mr-15"
                type="button"
              >
                <span
                  class="btn-icon icon-architecture-blue"
                />
                <span
                  class="btn-text"
                />
              </button>
              <button
                class="btn btn-xs-primary mr-40"
                type="button"
              >
                <span
                  class="btn-icon icon-elements"
                />
                <span
                  class="btn-text"
                />
              </button>
            </div>
          </th>
        </tr>
        <tr
          class="table-row"
        >
          <td
            class="table-col"
          >
            2021 TSI
          </td>
          <td
            class="table-col"
          >
            25.4
          </td>
          <td
            class="table-col"
          >
            30.2
          </td>
          <td
            class="table-col"
          >
            33.3
          </td>
          <td
            class="table-col"
          >
            36.7
          </td>
          <td
            class="table-col"
          >
            2021 TSI
          </td>
          <td
            class="table-col"
          >
            <div
              class="avatar-card"
            >
              <div
                class="avatar"
              >
                <img
                  alt="avatar"
                  class="avatar-img"
                  src=""
                />
              </div>
              <span
                class="avatar-name"
              >
                John Stone
              </span>
            </div>
          </td>
          <td
            class="table-col"
          >
            <div
              class="date"
            >
              <div
                class="date-item"
              >
                <div
                  class="date-icon"
                >
                  <span
                    class="icon-calendar"
                  />
                </div>
                <span
                  class="date-data"
                >
                  01/01/2021
                </span>
              </div>
              <div
                class="date-item"
              >
                <div
                  class="date-icon"
                >
                  <span
                    class="icon-time"
                  />
                </div>
                <span
                  class="date-data"
                >
                  12:00 AM
                </span>
              </div>
            </div>
          </td>
          <td
            class="table-col"
          >
            <div
              class="badge-round azure"
              style="background-color: azure;"
            />
          </td>
          <th
            class="table-col sticky"
          >
            <div
              class="btn-group"
            >
              <button
                class="btn btn-xs-primary mr-15"
                type="button"
              >
                <span
                  class="btn-icon icon-architecture-blue"
                />
                <span
                  class="btn-text"
                />
              </button>
              <button
                class="btn btn-xs-primary mr-40"
                type="button"
              >
                <span
                  class="btn-icon icon-elements"
                />
                <span
                  class="btn-text"
                />
              </button>
            </div>
          </th>
        </tr>
      </tbody>
    </table>
  </div>
</DocumentFragment>
`;
