// Jest Snapshot v1, https://goo.gl/fbAQLP

exports[`FunctionsList tests Should match snapshot 1`] = `
<DocumentFragment>
  <div
    class="box-table elements-content"
  >
    <table
      class="table"
    >
      <thead
        class="table-header"
      >
        <tr
          class="table-row"
        >
          <th
            class="table-col"
          >
            <div
              class="table-header-inner"
            >
              <span
                class="table-header-title"
              />
            </div>
          </th>
          <th
            class="table-col"
          >
            <div
              class="table-header-inner"
            >
              <span
                class="table-header-title"
              >
                Function Name 
              </span>
              <div
                class="table-filter"
              >
                <button
                  class="table-filter-btn"
                  type="button"
                >
                  <span
                    class="icon-arrow-full-up"
                  />
                </button>
                <button
                  class="table-filter-btn"
                  type="button"
                >
                  <span
                    class="icon-arrow-full-down"
                  />
                </button>
              </div>
            </div>
          </th>
          <th
            class="table-col"
          >
            <div
              class="table-header-inner"
            >
              <span
                class="table-header-title"
              >
                Function Cluster Information
              </span>
              <div
                class="table-filter"
              >
                <button
                  class="table-filter-btn"
                  type="button"
                >
                  <span
                    class="icon-arrow-full-up"
                  />
                </button>
                <button
                  class="table-filter-btn"
                  type="button"
                >
                  <span
                    class="icon-arrow-full-down"
                  />
                </button>
              </div>
            </div>
          </th>
          <th
            class="table-col"
          >
            <div
              class="table-header-inner"
            >
              <span
                class="table-header-title"
              >
                Supplier
              </span>
              <div
                class="table-filter"
              >
                <button
                  class="table-filter-btn"
                  type="button"
                >
                  <span
                    class="icon-arrow-full-up"
                  />
                </button>
                <button
                  class="table-filter-btn"
                  type="button"
                >
                  <span
                    class="icon-arrow-full-down"
                  />
                </button>
              </div>
            </div>
          </th>
          <th
            class="table-col"
          >
            <div
              class="table-header-inner"
            >
              <span
                class="table-header-title"
              >
                Risk level
              </span>
            </div>
          </th>
          <th
            class="table-col"
          >
            <div
              class="table-header-inner"
            >
              <span
                class="table-header-title"
              >
                Online Connectivity
              </span>
            </div>
          </th>
          <th
            class="table-col"
          >
            <div
              class="table-header-inner"
            >
              <span
                class="table-header-title"
              >
                Safety Criticality
              </span>
            </div>
          </th>
          <th
            class="table-col"
          >
            <div
              class="table-header-inner"
            >
              <span
                class="table-header-title"
              >
                Risk Assessment
              </span>
            </div>
          </th>
          <th
            class="table-col"
          >
            <div
              class="table-header-inner"
            >
              <span
                class="table-header-title"
              />
            </div>
          </th>
          <th
            class="table-col sticky"
          >
            <div
              class="table-header-inner"
            >
              <span
                class="table-header-title"
              >
                Actions
              </span>
            </div>
          </th>
        </tr>
      </thead>
      <tbody
        class="table-body"
      >
        <tr
          class="table-row"
        >
          <td
            class="table-col"
          >
            <button
              class="btn btn-xs-primary"
              type="button"
            >
              <span
                class="btn-icon icon-arrow-border-down"
              />
              <span
                class="btn-text"
              />
            </button>
          </td>
          <td
            class="table-col"
          >
            Function Name 1
          </td>
          <td
            class="table-col"
          >
            2021 TSIs
          </td>
          <td
            class="table-col"
          >
            Lorem
          </td>
          <td
            class="table-col"
          >
            <div
              class="badge danger "
            >
              Very High
            </div>
          </td>
          <td
            class="table-col"
          />
          <td
            class="table-col"
          />
          <td
            class="table-col"
          >
            <a
              class="link"
              href="#"
            >
              <span
                class="icon-power mr-7"
              />
              Initiate RA
            </a>
          </td>
          <td
            class="table-col"
          >
            <a
              class="link"
              href="#"
            >
              <span
                class="icon-user-plus mr-7"
              />
              Assign RA to user
            </a>
          </td>
          <td
            class="table-col sticky"
          >
            <div
              class="btn-group"
            >
              <div
                class="dropdown-more"
              >
                <button
                  class="btn btn-xs-secondary active"
                  type="button"
                >
                  <span
                    class="btn-icon icon-ellipsis"
                  />
                  <span
                    class="btn-text"
                  />
                </button>
                <div
                  class="dropdown-more-content"
                >
                  <ul
                    class="dropdown-more-list"
                  >
                    <li
                      class="dropdown-more-item"
                    >
                      <span
                        class="dropdown-more-icon"
                      />
                      <span
                        class="dropdown-more-text"
                      >
                        View Threats and Controls
                      </span>
                    </li>
                    <li
                      class="dropdown-more-item"
                    >
                      <span
                        class="dropdown-more-icon icon-edit"
                      />
                      <span
                        class="dropdown-more-text"
                      >
                        Edit
                      </span>
                    </li>
                    <li
                      class="dropdown-more-item"
                    >
                      <span
                        class="dropdown-more-icon icon-delete"
                      />
                      <span
                        class="dropdown-more-text"
                      >
                        Delete
                      </span>
                    </li>
                  </ul>
                </div>
              </div>
            </div>
          </td>
        </tr>
        <tr>
          <td
            colspan="99"
          >
            <div
              class="table-dropdown"
            >
              <div
                class="table-info"
              >
                <div
                  class="table-info-heading"
                >
                  <span
                    class="table-info-title"
                  >
                    Data
                    <span
                      class="text-grey"
                    >
                      (50)
                    </span>
                  </span>
                  <button
                    class="btn btn-lg-outline"
                    type="button"
                  >
                    <span
                      class="btn-icon "
                    />
                    <span
                      class="btn-text"
                    >
                      Add Data
                    </span>
                  </button>
                </div>
                <div
                  class="table-info-item"
                >
                  <div
                    class="table-info-properties"
                  >
                    <div
                      class="property"
                    >
                      <span
                        class="property-name"
                      />
                      <span
                        class="property-value"
                      />
                    </div>
                    <div
                      class="property"
                    >
                      <span
                        class="property-name"
                      />
                      <span
                        class="property-value"
                      />
                    </div>
                    <div
                      class="property"
                    >
                      <span
                        class="property-name"
                      />
                      <span
                        class="property-value"
                      />
                    </div>
                    <div
                      class="property"
                    >
                      <span
                        class="property-name"
                      />
                      <span
                        class="property-value"
                      />
                    </div>
                  </div>
                  <div
                    class="btn-group"
                  >
                    <button
                      class="btn btn-xs-primary mr-10"
                      type="button"
                    >
                      <span
                        class="btn-icon icon-edit"
                      />
                      <span
                        class="btn-text"
                      />
                    </button>
                    <button
                      class="btn btn-xs-danger"
                      type="button"
                    >
                      <span
                        class="btn-icon icon-delete"
                      />
                      <span
                        class="btn-text"
                      />
                    </button>
                  </div>
                </div>
                <div
                  class="table-info-edit"
                >
                  <div
                    class="page-filter"
                  >
                    <div
                      class="page-filter-inner"
                    />
                    <div
                      class="page-filter-btn"
                    >
                      <button
                        class="btn btn-xs-secondary mr-15"
                        type="button"
                      >
                        <span
                          class="btn-icon icon-close"
                        />
                        <span
                          class="btn-text"
                        />
                      </button>
                      <button
                        class="btn btn-lg-outline"
                        type="button"
                      >
                        <span
                          class="btn-icon "
                        />
                        <span
                          class="btn-text"
                        >
                          Apply
                        </span>
                      </button>
                    </div>
                  </div>
                </div>
              </div>
            </div>
          </td>
        </tr>
      </tbody>
    </table>
  </div>
</DocumentFragment>
`;
